<html lang="en" ng-app="myChordsApp">
<head>

  <!-- vendor shit -->
  <script src="bower_components/angular/angular.js"></script>
  <script src="bower_components/angular-route/angular-route.js"></script>
  <script src="bower_components/angular-slider/angular-slider.min.js"></script>
  <script src="bower_components/underscore/underscore-min.js"></script>
  <script src="bower_components/superagent/superagent.js"></script>
  <script src="bower_components/jquery/jquery.min.js"></script>

  <link rel="stylesheet" type="text/css" href="bower_components/angular-slider/angular-slider.min.css">

  <!-- css start -->
  <link rel="stylesheet" type="text/css" href="css/test-1.css">
  <link rel="stylesheet" type="text/css" href="css/test-2.css">
  <!-- css end -->

  <!-- js start -->
  <script src="js/test-1.js"></script>
  <script src="js/test-2.js"></script>
  <script src="js/test-3.js"></script>
  <!-- js end -->

</head>
<body>
 
  <div>foo bar</div>
 
</body>
</html>
